Archive member included to satisfy reference by file (symbol)

D:/STM32CubeCLT/STM32CubeCLT_1.16.0/GNU-tools-for-STM32/bin/../lib/gcc/arm-none-eabi/12.3.1/../../../../arm-none-eabi/lib/thumb/v7e-m/nofp\libm.a(libm_a-w_pow.o)
                              CMakeFiles/SPI_IMU.elf.dir/Core/Src/IMU.cpp.obj (pow)
D:/STM32CubeCLT/STM32CubeCLT_1.16.0/GNU-tools-for-STM32/bin/../lib/gcc/arm-none-eabi/12.3.1/../../../../arm-none-eabi/lib/thumb/v7e-m/nofp\libm.a(libm_a-s_finite.o)
                              D:/STM32CubeCLT/STM32CubeCLT_1.16.0/GNU-tools-for-STM32/bin/../lib/gcc/arm-none-eabi/12.3.1/../../../../arm-none-eabi/lib/thumb/v7e-m/nofp\libm.a(libm_a-w_pow.o) (finite)
D:/STM32CubeCLT/STM32CubeCLT_1.16.0/GNU-tools-for-STM32/bin/../lib/gcc/arm-none-eabi/12.3.1/../../../../arm-none-eabi/lib/thumb/v7e-m/nofp\libm.a(libm_a-e_pow.o)
                              D:/STM32CubeCLT/STM32CubeCLT_1.16.0/GNU-tools-for-STM32/bin/../lib/gcc/arm-none-eabi/12.3.1/../../../../arm-none-eabi/lib/thumb/v7e-m/nofp\libm.a(libm_a-w_pow.o) (__ieee754_pow)
D:/STM32CubeCLT/STM32CubeCLT_1.16.0/GNU-tools-for-STM32/bin/../lib/gcc/arm-none-eabi/12.3.1/../../../../arm-none-eabi/lib/thumb/v7e-m/nofp\libm.a(libm_a-s_fabs.o)
                              D:/STM32CubeCLT/STM32CubeCLT_1.16.0/GNU-tools-for-STM32/bin/../lib/gcc/arm-none-eabi/12.3.1/../../../../arm-none-eabi/lib/thumb/v7e-m/nofp\libm.a(libm_a-e_pow.o) (fabs)
D:/STM32CubeCLT/STM32CubeCLT_1.16.0/GNU-tools-for-STM32/bin/../lib/gcc/arm-none-eabi/12.3.1/../../../../arm-none-eabi/lib/thumb/v7e-m/nofp\libm.a(libm_a-s_scalbn.o)
                              D:/STM32CubeCLT/STM32CubeCLT_1.16.0/GNU-tools-for-STM32/bin/../lib/gcc/arm-none-eabi/12.3.1/../../../../arm-none-eabi/lib/thumb/v7e-m/nofp\libm.a(libm_a-e_pow.o) (scalbn)
D:/STM32CubeCLT/STM32CubeCLT_1.16.0/GNU-tools-for-STM32/bin/../lib/gcc/arm-none-eabi/12.3.1/../../../../arm-none-eabi/lib/thumb/v7e-m/nofp\libm.a(libm_a-math_err.o)
                              D:/STM32CubeCLT/STM32CubeCLT_1.16.0/GNU-tools-for-STM32/bin/../lib/gcc/arm-none-eabi/12.3.1/../../../../arm-none-eabi/lib/thumb/v7e-m/nofp\libm.a(libm_a-e_pow.o) (__math_uflow)
D:/STM32CubeCLT/STM32CubeCLT_1.16.0/GNU-tools-for-STM32/bin/../lib/gcc/arm-none-eabi/12.3.1/../../../../arm-none-eabi/lib/thumb/v7e-m/nofp\libm.a(libm_a-e_sqrt.o)
                              D:/STM32CubeCLT/STM32CubeCLT_1.16.0/GNU-tools-for-STM32/bin/../lib/gcc/arm-none-eabi/12.3.1/../../../../arm-none-eabi/lib/thumb/v7e-m/nofp\libm.a(libm_a-e_pow.o) (__ieee754_sqrt)
D:/STM32CubeCLT/STM32CubeCLT_1.16.0/GNU-tools-for-STM32/bin/../lib/gcc/arm-none-eabi/12.3.1/thumb/v7e-m/nofp\libgcc.a(_arm_muldf3.o)
                              CMakeFiles/SPI_IMU.elf.dir/Core/Src/IMU.cpp.obj (__aeabi_dmul)
D:/STM32CubeCLT/STM32CubeCLT_1.16.0/GNU-tools-for-STM32/bin/../lib/gcc/arm-none-eabi/12.3.1/thumb/v7e-m/nofp\libgcc.a(_arm_addsubdf3.o)
                              D:/STM32CubeCLT/STM32CubeCLT_1.16.0/GNU-tools-for-STM32/bin/../lib/gcc/arm-none-eabi/12.3.1/../../../../arm-none-eabi/lib/thumb/v7e-m/nofp\libm.a(libm_a-e_pow.o) (__aeabi_dsub)
D:/STM32CubeCLT/STM32CubeCLT_1.16.0/GNU-tools-for-STM32/bin/../lib/gcc/arm-none-eabi/12.3.1/thumb/v7e-m/nofp\libgcc.a(_arm_muldivdf3.o)
                              D:/STM32CubeCLT/STM32CubeCLT_1.16.0/GNU-tools-for-STM32/bin/../lib/gcc/arm-none-eabi/12.3.1/../../../../arm-none-eabi/lib/thumb/v7e-m/nofp\libm.a(libm_a-e_pow.o) (__aeabi_ddiv)
D:/STM32CubeCLT/STM32CubeCLT_1.16.0/GNU-tools-for-STM32/bin/../lib/gcc/arm-none-eabi/12.3.1/thumb/v7e-m/nofp\libgcc.a(_arm_cmpdf2.o)
                              D:/STM32CubeCLT/STM32CubeCLT_1.16.0/GNU-tools-for-STM32/bin/../lib/gcc/arm-none-eabi/12.3.1/../../../../arm-none-eabi/lib/thumb/v7e-m/nofp\libm.a(libm_a-w_pow.o) (__aeabi_dcmpeq)
D:/STM32CubeCLT/STM32CubeCLT_1.16.0/GNU-tools-for-STM32/bin/../lib/gcc/arm-none-eabi/12.3.1/thumb/v7e-m/nofp\libgcc.a(_arm_unorddf2.o)
                              D:/STM32CubeCLT/STM32CubeCLT_1.16.0/GNU-tools-for-STM32/bin/../lib/gcc/arm-none-eabi/12.3.1/../../../../arm-none-eabi/lib/thumb/v7e-m/nofp\libm.a(libm_a-w_pow.o) (__aeabi_dcmpun)
D:/STM32CubeCLT/STM32CubeCLT_1.16.0/GNU-tools-for-STM32/bin/../lib/gcc/arm-none-eabi/12.3.1/thumb/v7e-m/nofp\libgcc.a(_arm_truncdfsf2.o)
                              CMakeFiles/SPI_IMU.elf.dir/Core/Src/IMU.cpp.obj (__aeabi_d2f)
D:/STM32CubeCLT/STM32CubeCLT_1.16.0/GNU-tools-for-STM32/bin/../lib/gcc/arm-none-eabi/12.3.1/thumb/v7e-m/nofp\libgcc.a(_aeabi_uldivmod.o)
                              CMakeFiles/SPI_IMU.elf.dir/Drivers/STM32F4xx_HAL_Driver/Src/stm32f4xx_hal_rcc.c.obj (__aeabi_uldivmod)
D:/STM32CubeCLT/STM32CubeCLT_1.16.0/GNU-tools-for-STM32/bin/../lib/gcc/arm-none-eabi/12.3.1/thumb/v7e-m/nofp\libgcc.a(_udivmoddi4.o)
                              D:/STM32CubeCLT/STM32CubeCLT_1.16.0/GNU-tools-for-STM32/bin/../lib/gcc/arm-none-eabi/12.3.1/thumb/v7e-m/nofp\libgcc.a(_aeabi_uldivmod.o) (__udivmoddi4)
[...]
Memory Configuration

Name             Origin             Length             Attributes
CCMRAM           0x10000000         0x00010000         xrw
RAM              0x20000000         0x00020000         xrw
FLASH            0x08000000         0x00100000         xr
*default*        0x00000000         0xffffffff

Linker script and memory map

LOAD D:/STM32CubeCLT/STM32CubeCLT_1.16.0/GNU-tools-for-STM32/bin/../lib/gcc/arm-none-eabi/12.3.1/thumb/v7e-m/nofp/crti.o
LOAD D:/STM32CubeCLT/STM32CubeCLT_1.16.0/GNU-tools-for-STM32/bin/../lib/gcc/arm-none-eabi/12.3.1/thumb/v7e-m/nofp/crtbegin.o
LOAD D:/STM32CubeCLT/STM32CubeCLT_1.16.0/GNU-tools-for-STM32/bin/../lib/gcc/arm-none-eabi/12.3.1/../../../../arm-none-eabi/lib/thumb/v7e-m/nofp/crt0.o
LOAD CMakeFiles/SPI_IMU.elf.dir/Core/Src/IMU.cpp.obj
LOAD CMakeFiles/SPI_IMU.elf.dir/Core/Src/gpio.c.obj
LOAD CMakeFiles/SPI_IMU.elf.dir/Core/Src/main.c.obj
LOAD CMakeFiles/SPI_IMU.elf.dir/Core/Src/spi.c.obj
LOAD CMakeFiles/SPI_IMU.elf.dir/Core/Src/stm32f4xx_hal_msp.c.obj
LOAD CMakeFiles/SPI_IMU.elf.dir/Core/Src/stm32f4xx_it.c.obj
LOAD CMakeFiles/SPI_IMU.elf.dir/Core/Src/syscalls.c.obj
LOAD CMakeFiles/SPI_IMU.elf.dir/Core/Src/sysmem.c.obj
LOAD CMakeFiles/SPI_IMU.elf.dir/Core/Src/system_stm32f4xx.c.obj
LOAD CMakeFiles/SPI_IMU.elf.dir/Core/Src/tim.c.obj
LOAD CMakeFiles/SPI_IMU.elf.dir/Core/Startup/startup_stm32f407ighx.s.obj
LOAD CMakeFiles/SPI_IMU.elf.dir/Drivers/STM32F4xx_HAL_Driver/Src/stm32f4xx_hal.c.obj
LOAD CMakeFiles/SPI_IMU.elf.dir/Drivers/STM32F4xx_HAL_Driver/Src/stm32f4xx_hal_cortex.c.obj
LOAD CMakeFiles/SPI_IMU.elf.dir/Drivers/STM32F4xx_HAL_Driver/Src/stm32f4xx_hal_dma.c.obj
LOAD CMakeFiles/SPI_IMU.elf.dir/Drivers/STM32F4xx_HAL_Driver/Src/stm32f4xx_hal_dma_ex.c.obj
LOAD CMakeFiles/SPI_IMU.elf.dir/Drivers/STM32F4xx_HAL_Driver/Src/stm32f4xx_hal_exti.c.obj
LOAD CMakeFiles/SPI_IMU.elf.dir/Drivers/STM32F4xx_HAL_Driver/Src/stm32f4xx_hal_flash.c.obj
LOAD CMakeFiles/SPI_IMU.elf.dir/Drivers/STM32F4xx_HAL_Driver/Src/stm32f4xx_hal_flash_ex.c.obj
LOAD CMakeFiles/SPI_IMU.elf.dir/Drivers/STM32F4xx_HAL_Driver/Src/stm32f4xx_hal_flash_ramfunc.c.obj
LOAD CMakeFiles/SPI_IMU.elf.dir/Drivers/STM32F4xx_HAL_Driver/Src/stm32f4xx_hal_gpio.c.obj
LOAD CMakeFiles/SPI_IMU.elf.dir/Drivers/STM32F4xx_HAL_Driver/Src/stm32f4xx_hal_pwr.c.obj
LOAD CMakeFiles/SPI_IMU.elf.dir/Drivers/STM32F4xx_HAL_Driver/Src/stm32f4xx_hal_pwr_ex.c.obj
LOAD CMakeFiles/SPI_IMU.elf.dir/Drivers/STM32F4xx_HAL_Driver/Src/stm32f4xx_hal_rcc.c.obj
LOAD CMakeFiles/SPI_IMU.elf.dir/Drivers/STM32F4xx_HAL_Driver/Src/stm32f4xx_hal_rcc_ex.c.obj
LOAD CMakeFiles/SPI_IMU.elf.dir/Drivers/STM32F4xx_HAL_Driver/Src/stm32f4xx_hal_spi.c.obj
LOAD CMakeFiles/SPI_IMU.elf.dir/Drivers/STM32F4xx_HAL_Driver/Src/stm32f4xx_hal_tim.c.obj
LOAD CMakeFiles/SPI_IMU.elf.dir/Drivers/STM32F4xx_HAL_Driver/Src/stm32f4xx_hal_tim_ex.c.obj
LOAD D:/STM32CubeCLT/STM32CubeCLT_1.16.0/GNU-tools-for-STM32/bin/../lib/gcc/arm-none-eabi/12.3.1/../../../../arm-none-eabi/lib/thumb/v7e-m/nofp\libstdc++.a
LOAD D:/STM32CubeCLT/STM32CubeCLT_1.16.0/GNU-tools-for-STM32/bin/../lib/gcc/arm-none-eabi/12.3.1/../../../../arm-none-eabi/lib/thumb/v7e-m/nofp\libm.a
START GROUP
LOAD D:/STM32CubeCLT/STM32CubeCLT_1.16.0/GNU-tools-for-STM32/bin/../lib/gcc/arm-none-eabi/12.3.1/thumb/v7e-m/nofp\libgcc.a
LOAD D:/STM32CubeCLT/STM32CubeCLT_1.16.0/GNU-tools-for-STM32/bin/../lib/gcc/arm-none-eabi/12.3.1/../../../../arm-none-eabi/lib/thumb/v7e-m/nofp\libg.a
LOAD D:/STM32CubeCLT/STM32CubeCLT_1.16.0/GNU-tools-for-STM32/bin/../lib/gcc/arm-none-eabi/12.3.1/../../../../arm-none-eabi/lib/thumb/v7e-m/nofp\libc.a
END GROUP
LOAD D:/STM32CubeCLT/STM32CubeCLT_1.16.0/GNU-tools-for-STM32/bin/../lib/gcc/arm-none-eabi/12.3.1/thumb/v7e-m/nofp/crtend.o
LOAD D:/STM32CubeCLT/STM32CubeCLT_1.16.0/GNU-tools-for-STM32/bin/../lib/gcc/arm-none-eabi/12.3.1/thumb/v7e-m/nofp/crtn.o
                0x20020000                        _estack = (ORIGIN (RAM) + LENGTH (RAM))
                0x00000200                        _Min_Heap_Size = 0x200
                0x00000400                        _Min_Stack_Size = 0x400

.isr_vector     0x08000000      0x188
                0x08000000                        . = ALIGN (0x4)
 *(.isr_vector)
 .isr_vector    0x08000000      0x188 CMakeFiles/SPI_IMU.elf.dir/Core/Startup/startup_stm32f407ighx.s.obj
                0x08000000                g_pfnVectors
                0x08000188                        . = ALIGN (0x4)

.text           0x08000188     0x158c
                0x08000188                        . = ALIGN (0x4)
 *(.text)
 .text          0x08000188       0x40 D:/STM32CubeCLT/STM32CubeCLT_1.16.0/GNU-tools-for-STM32/bin/../lib/gcc/arm-none-eabi/12.3.1/thumb/v7e-m/nofp/crtbegin.o
 .text          0x080001c8       0x30 D:/STM32CubeCLT/STM32CubeCLT_1.16.0/GNU-tools-for-STM32/bin/../lib/gcc/arm-none-eabi/12.3.1/thumb/v7e-m/nofp\libgcc.a(_aeabi_uldivmod.o)
                0x080001c8                __aeabi_uldivmod
 .text          0x080001f8      0x2bc D:/STM32CubeCLT/STM32CubeCLT_1.16.0/GNU-tools-for-STM32/bin/../lib/gcc/arm-none-eabi/12.3.1/thumb/v7e-m/nofp\libgcc.a(_udivmoddi4.o)
                0x080001f8                __udivmoddi4
 .text          0x080004b4        0x4 D:/STM32CubeCLT/STM32CubeCLT_1.16.0/GNU-tools-for-STM32/bin/../lib/gcc/arm-none-eabi/12.3.1/thumb/v7e-m/nofp\libgcc.a(_dvmd_tls.o)
                0x080004b4                __aeabi_idiv0
                0x080004b4                __aeabi_ldiv0
 *(.text*)
 .text.MX_GPIO_Init
                0x080004b8       0x9c CMakeFiles/SPI_IMU.elf.dir/Core/Src/gpio.c.obj
                0x080004b8                MX_GPIO_Init
 .text.Error_Handler
                0x08000554        0x4 CMakeFiles/SPI_IMU.elf.dir/Core/Src/main.c.obj
                0x08000554                Error_Handler
 .text.SystemClock_Config
                0x08000558       0xac CMakeFiles/SPI_IMU.elf.dir/Core/Src/main.c.obj
                0x08000558                SystemClock_Config
 .text.main     0x08000604       0x6c CMakeFiles/SPI_IMU.elf.dir/Core/Src/main.c.obj
                0x08000604                main
 .text.MX_SPI1_Init
                0x08000670       0x48 CMakeFiles/SPI_IMU.elf.dir/Core/Src/spi.c.obj
                0x08000670                MX_SPI1_Init
 .text.HAL_SPI_MspInit
                0x080006b8       0x70 CMakeFiles/SPI_IMU.elf.dir/Core/Src/spi.c.obj
                0x080006b8                HAL_SPI_MspInit
 .text.HAL_MspInit
                0x08000728       0x38 CMakeFiles/SPI_IMU.elf.dir/Core/Src/stm32f4xx_hal_msp.c.obj
                0x08000728                HAL_MspInit
 .text.NMI_Handler
                0x08000760        0x2 CMakeFiles/SPI_IMU.elf.dir/Core/Src/stm32f4xx_it.c.obj
                0x08000760                NMI_Handler
 .text.HardFault_Handler
                0x08000762        0x2 CMakeFiles/SPI_IMU.elf.dir/Core/Src/stm32f4xx_it.c.obj
                0x08000762                HardFault_Handler
 .text.MemManage_Handler
                0x08000764        0x2 CMakeFiles/SPI_IMU.elf.dir/Core/Src/stm32f4xx_it.c.obj
                0x08000764                MemManage_Handler
 .text.BusFault_Handler
                0x08000766        0x2 CMakeFiles/SPI_IMU.elf.dir/Core/Src/stm32f4xx_it.c.obj
                0x08000766                BusFault_Handler
 .text.UsageFault_Handler
                0x08000768        0x2 CMakeFiles/SPI_IMU.elf.dir/Core/Src/stm32f4xx_it.c.obj
                0x08000768                UsageFault_Handler
 .text.SVC_Handler
                0x0800076a        0x2 CMakeFiles/SPI_IMU.elf.dir/Core/Src/stm32f4xx_it.c.obj
                0x0800076a                SVC_Handler
 .text.DebugMon_Handler
                0x0800076c        0x2 CMakeFiles/SPI_IMU.elf.dir/Core/Src/stm32f4xx_it.c.obj
                0x0800076c                DebugMon_Handler
 .text.PendSV_Handler
                0x0800076e        0x2 CMakeFiles/SPI_IMU.elf.dir/Core/Src/stm32f4xx_it.c.obj
                0x0800076e                PendSV_Handler
 .text.SysTick_Handler
                0x08000770        0x8 CMakeFiles/SPI_IMU.elf.dir/Core/Src/stm32f4xx_it.c.obj
                0x08000770                SysTick_Handler
 .text.SystemInit
                0x08000778        0x2 CMakeFiles/SPI_IMU.elf.dir/Core/Src/system_stm32f4xx.c.obj
                0x08000778                SystemInit
 *fill*         0x0800077a        0x2 
 .text.MX_TIM1_Init
                0x0800077c       0x74 CMakeFiles/SPI_IMU.elf.dir/Core/Src/tim.c.obj
                0x0800077c                MX_TIM1_Init
 .text.HAL_TIM_Base_MspInit
                0x080007f0       0x30 CMakeFiles/SPI_IMU.elf.dir/Core/Src/tim.c.obj
                0x080007f0                HAL_TIM_Base_MspInit
 .text.Reset_Handler
                0x08000820       0x50 CMakeFiles/SPI_IMU.elf.dir/Core/Startup/startup_stm32f407ighx.s.obj
                0x08000820                Reset_Handler
 .text.Default_Handler
                0x08000870        0x2 CMakeFiles/SPI_IMU.elf.dir/Core/Startup/startup_stm32f407ighx.s.obj
                0x08000870                RTC_Alarm_IRQHandler
                0x08000870                HASH_RNG_IRQHandler
                0x08000870                EXTI2_IRQHandler
                0x08000870                TIM8_CC_IRQHandler
                0x08000870                TIM1_CC_IRQHandler
                0x08000870                DMA2_Stream5_IRQHandler
                0x08000870                DMA1_Stream5_IRQHandler
                0x08000870                PVD_IRQHandler
                0x08000870                SDIO_IRQHandler
                0x08000870                TAMP_STAMP_IRQHandler
                0x08000870                CAN2_RX1_IRQHandler
                0x08000870                EXTI3_IRQHandler
                0x08000870                TIM8_TRG_COM_TIM14_IRQHandler
                0x08000870                TIM1_UP_TIM10_IRQHandler
                0x08000870                TIM8_UP_TIM13_IRQHandler
                0x08000870                I2C3_ER_IRQHandler
                0x08000870                EXTI0_IRQHandler
                0x08000870                I2C2_EV_IRQHandler
                0x08000870                DMA1_Stream2_IRQHandler
                0x08000870                CAN1_RX0_IRQHandler
                0x08000870                FPU_IRQHandler
                0x08000870                OTG_HS_WKUP_IRQHandler
                0x08000870                CAN2_SCE_IRQHandler
                0x08000870                DMA2_Stream2_IRQHandler
                0x08000870                SPI1_IRQHandler
                0x08000870                TIM6_DAC_IRQHandler
                0x08000870                TIM1_BRK_TIM9_IRQHandler
                0x08000870                DCMI_IRQHandler
                0x08000870                CAN2_RX0_IRQHandler
                0x08000870                DMA2_Stream3_IRQHandler
                0x08000870                USART6_IRQHandler
                0x08000870                USART3_IRQHandler
                0x08000870                CAN1_RX1_IRQHandler
                0x08000870                UART5_IRQHandler
                0x08000870                DMA2_Stream0_IRQHandler
                0x08000870                TIM4_IRQHandler
                0x08000870                I2C1_EV_IRQHandler
                0x08000870                DMA1_Stream6_IRQHandler
                0x08000870                DMA1_Stream1_IRQHandler
                0x08000870                UART4_IRQHandler
                0x08000870                TIM3_IRQHandler
                0x08000870                RCC_IRQHandler
                0x08000870                TIM8_BRK_TIM12_IRQHandler
                0x08000870                Default_Handler
                0x08000870                EXTI15_10_IRQHandler
                0x08000870                ADC_IRQHandler
                0x08000870                DMA1_Stream7_IRQHandler
                0x08000870                TIM7_IRQHandler
                0x08000870                CAN2_TX_IRQHandler
                0x08000870                TIM5_IRQHandler
                0x08000870                DMA2_Stream7_IRQHandler
                0x08000870                I2C3_EV_IRQHandler
                0x08000870                EXTI9_5_IRQHandler
                0x08000870                RTC_WKUP_IRQHandler
                0x08000870                ETH_WKUP_IRQHandler
                0x08000870                SPI2_IRQHandler
                0x08000870                OTG_HS_EP1_IN_IRQHandler
                0x08000870                DMA1_Stream0_IRQHandler
                0x08000870                CAN1_TX_IRQHandler
                0x08000870                EXTI4_IRQHandler
                0x08000870                FSMC_IRQHandler
                0x08000870                ETH_IRQHandler
                0x08000870                OTG_HS_EP1_OUT_IRQHandler
                0x08000870                WWDG_IRQHandler
                0x08000870                TIM2_IRQHandler
                0x08000870                OTG_FS_WKUP_IRQHandler
                0x08000870                TIM1_TRG_COM_TIM11_IRQHandler
                0x08000870                OTG_HS_IRQHandler
                0x08000870                EXTI1_IRQHandler
                0x08000870                USART2_IRQHandler
                0x08000870                I2C2_ER_IRQHandler
                0x08000870                DMA2_Stream1_IRQHandler
                0x08000870                CAN1_SCE_IRQHandler
                0x08000870                FLASH_IRQHandler
                0x08000870                DMA2_Stream4_IRQHandler
                0x08000870                USART1_IRQHandler
                0x08000870                OTG_FS_IRQHandler
                0x08000870                SPI3_IRQHandler
                0x08000870                DMA1_Stream4_IRQHandler
                0x08000870                I2C1_ER_IRQHandler
                0x08000870                DMA2_Stream6_IRQHandler
                0x08000870                DMA1_Stream3_IRQHandler
 *fill*         0x08000872        0x2 
 .text.HAL_InitTick
                0x08000874       0x4c CMakeFiles/SPI_IMU.elf.dir/Drivers/STM32F4xx_HAL_Driver/Src/stm32f4xx_hal.c.obj
                0x08000874                HAL_InitTick
 .text.HAL_Init
                0x080008c0       0x34 CMakeFiles/SPI_IMU.elf.dir/Drivers/STM32F4xx_HAL_Driver/Src/stm32f4xx_hal.c.obj
                0x080008c0                HAL_Init
 .text.HAL_IncTick
                0x080008f4       0x18 CMakeFiles/SPI_IMU.elf.dir/Drivers/STM32F4xx_HAL_Driver/Src/stm32f4xx_hal.c.obj
                0x080008f4                HAL_IncTick
 .text.HAL_GetTick
                0x0800090c        0xc CMakeFiles/SPI_IMU.elf.dir/Drivers/STM32F4xx_HAL_Driver/Src/stm32f4xx_hal.c.obj
                0x0800090c                HAL_GetTick
 .text.__NVIC_SetPriority
                0x08000918       0x28 CMakeFiles/SPI_IMU.elf.dir/Drivers/STM32F4xx_HAL_Driver/Src/stm32f4xx_hal_cortex.c.obj
 .text.NVIC_EncodePriority
                0x08000940       0x3e CMakeFiles/SPI_IMU.elf.dir/Drivers/STM32F4xx_HAL_Driver/Src/stm32f4xx_hal_cortex.c.obj
 *fill*         0x0800097e        0x2 
 .text.HAL_NVIC_SetPriorityGrouping
                0x08000980       0x24 CMakeFiles/SPI_IMU.elf.dir/Drivers/STM32F4xx_HAL_Driver/Src/stm32f4xx_hal_cortex.c.obj
                0x08000980                HAL_NVIC_SetPriorityGrouping
 .text.HAL_NVIC_SetPriority
                0x080009a4       0x20 CMakeFiles/SPI_IMU.elf.dir/Drivers/STM32F4xx_HAL_Driver/Src/stm32f4xx_hal_cortex.c.obj
                0x080009a4                HAL_NVIC_SetPriority
 .text.HAL_SYSTICK_Config
                0x080009c4       0x28 CMakeFiles/SPI_IMU.elf.dir/Drivers/STM32F4xx_HAL_Driver/Src/stm32f4xx_hal_cortex.c.obj
                0x080009c4                HAL_SYSTICK_Config
 .text.HAL_GPIO_Init
                0x080009ec      0x1f4 CMakeFiles/SPI_IMU.elf.dir/Drivers/STM32F4xx_HAL_Driver/Src/stm32f4xx_hal_gpio.c.obj
                0x080009ec                HAL_GPIO_Init
 .text.HAL_GPIO_WritePin
                0x08000be0        0xc CMakeFiles/SPI_IMU.elf.dir/Drivers/STM32F4xx_HAL_Driver/Src/stm32f4xx_hal_gpio.c.obj
                0x08000be0                HAL_GPIO_WritePin
 .text.HAL_RCC_OscConfig
                0x08000bec      0x3f8 CMakeFiles/SPI_IMU.elf.dir/Drivers/STM32F4xx_HAL_Driver/Src/stm32f4xx_hal_rcc.c.obj
                0x08000bec                HAL_RCC_OscConfig
 .text.HAL_RCC_GetSysClockFreq
                0x08000fe4       0xa8 CMakeFiles/SPI_IMU.elf.dir/Drivers/STM32F4xx_HAL_Driver/Src/stm32f4xx_hal_rcc.c.obj
                0x08000fe4                HAL_RCC_GetSysClockFreq
 .text.HAL_RCC_ClockConfig
                0x0800108c      0x160 CMakeFiles/SPI_IMU.elf.dir/Drivers/STM32F4xx_HAL_Driver/Src/stm32f4xx_hal_rcc.c.obj
                0x0800108c                HAL_RCC_ClockConfig
 .text.HAL_SPI_Init
                0x080011ec       0xbe CMakeFiles/SPI_IMU.elf.dir/Drivers/STM32F4xx_HAL_Driver/Src/stm32f4xx_hal_spi.c.obj
                0x080011ec                HAL_SPI_Init
 .text.TIM_TI1_ConfigInputStage
                0x080012aa       0x24 CMakeFiles/SPI_IMU.elf.dir/Drivers/STM32F4xx_HAL_Driver/Src/stm32f4xx_hal_tim.c.obj
 .text.TIM_TI2_ConfigInputStage
                0x080012ce       0x26 CMakeFiles/SPI_IMU.elf.dir/Drivers/STM32F4xx_HAL_Driver/Src/stm32f4xx_hal_tim.c.obj
 .text.TIM_ITRx_SetConfig
                0x080012f4       0x10 CMakeFiles/SPI_IMU.elf.dir/Drivers/STM32F4xx_HAL_Driver/Src/stm32f4xx_hal_tim.c.obj
 .text.TIM_Base_SetConfig
                0x08001304       0xd8 CMakeFiles/SPI_IMU.elf.dir/Drivers/STM32F4xx_HAL_Driver/Src/stm32f4xx_hal_tim.c.obj
                0x08001304                TIM_Base_SetConfig
 .text.HAL_TIM_Base_Init
                0x080013dc       0x58 CMakeFiles/SPI_IMU.elf.dir/Drivers/STM32F4xx_HAL_Driver/Src/stm32f4xx_hal_tim.c.obj
                0x080013dc                HAL_TIM_Base_Init
 .text.TIM_ETR_SetConfig
                0x08001434       0x18 CMakeFiles/SPI_IMU.elf.dir/Drivers/STM32F4xx_HAL_Driver/Src/stm32f4xx_hal_tim.c.obj
                0x08001434                TIM_ETR_SetConfig
 .text.HAL_TIM_ConfigClockSource
                0x0800144c       0xfe CMakeFiles/SPI_IMU.elf.dir/Drivers/STM32F4xx_HAL_Driver/Src/stm32f4xx_hal_tim.c.obj
                0x0800144c                HAL_TIM_ConfigClockSource
 *fill*         0x0800154a        0x2 
 .text.HAL_TIMEx_MasterConfigSynchronization
                0x0800154c       0x8c CMakeFiles/SPI_IMU.elf.dir/Drivers/STM32F4xx_HAL_Driver/Src/stm32f4xx_hal_tim_ex.c.obj
                0x0800154c                HAL_TIMEx_MasterConfigSynchronization
 .text.memset   0x080015d8       0x10 D:/STM32CubeCLT/STM32CubeCLT_1.16.0/GNU-tools-for-STM32/bin/../lib/gcc/arm-none-eabi/12.3.1/../../../../arm-none-eabi/lib/thumb/v7e-m/nofp\libg.a(libc_a-memset.o)
                0x080015d8                memset
 .text.__libc_init_array
                0x080015e8       0x48 D:/STM32CubeCLT/STM32CubeCLT_1.16.0/GNU-tools-for-STM32/bin/../lib/gcc/arm-none-eabi/12.3.1/../../../../arm-none-eabi/lib/thumb/v7e-m/nofp\libg.a(libc_a-init.o)
                0x080015e8                __libc_init_array
 .text.__retarget_lock_acquire_recursive
                0x08001630        0x2 D:/STM32CubeCLT/STM32CubeCLT_1.16.0/GNU-tools-for-STM32/bin/../lib/gcc/arm-none-eabi/12.3.1/../../../../arm-none-eabi/lib/thumb/v7e-m/nofp\libg.a(libc_a-lock.o)
                0x08001630                __retarget_lock_acquire_recursive
 .text.__retarget_lock_release_recursive
                0x08001632        0x2 D:/STM32CubeCLT/STM32CubeCLT_1.16.0/GNU-tools-for-STM32/bin/../lib/gcc/arm-none-eabi/12.3.1/../../../../arm-none-eabi/lib/thumb/v7e-m/nofp\libg.a(libc_a-lock.o)
                0x08001632                __retarget_lock_release_recursive
 .text.startup.register_fini
                0x08001634       0x14 D:/STM32CubeCLT/STM32CubeCLT_1.16.0/GNU-tools-for-STM32/bin/../lib/gcc/arm-none-eabi/12.3.1/../../../../arm-none-eabi/lib/thumb/v7e-m/nofp\libg.a(libc_a-__call_atexit.o)
 .text.atexit   0x08001648        0xc D:/STM32CubeCLT/STM32CubeCLT_1.16.0/GNU-tools-for-STM32/bin/../lib/gcc/arm-none-eabi/12.3.1/../../../../arm-none-eabi/lib/thumb/v7e-m/nofp\libg.a(libc_a-atexit.o)
                0x08001648                atexit
 .text.__libc_fini_array
                0x08001654       0x28 D:/STM32CubeCLT/STM32CubeCLT_1.16.0/GNU-tools-for-STM32/bin/../lib/gcc/arm-none-eabi/12.3.1/../../../../arm-none-eabi/lib/thumb/v7e-m/nofp\libg.a(libc_a-fini.o)
                0x08001654                __libc_fini_array
 .text.__register_exitproc
                0x0800167c       0x80 D:/STM32CubeCLT/STM32CubeCLT_1.16.0/GNU-tools-for-STM32/bin/../lib/gcc/arm-none-eabi/12.3.1/../../../../arm-none-eabi/lib/thumb/v7e-m/nofp\libg.a(libc_a-__atexit.o)
                0x0800167c                __register_exitproc
 *(.glue_7)
 .glue_7        0x080016fc        0x0 linker stubs
 *(.glue_7t)
 .glue_7t       0x080016fc        0x0 linker stubs
 *(.eh_frame)
 .eh_frame      0x080016fc        0x0 D:/STM32CubeCLT/STM32CubeCLT_1.16.0/GNU-tools-for-STM32/bin/../lib/gcc/arm-none-eabi/12.3.1/thumb/v7e-m/nofp/crtbegin.o
 *(.init)
 .init          0x080016fc        0x4 D:/STM32CubeCLT/STM32CubeCLT_1.16.0/GNU-tools-for-STM32/bin/../lib/gcc/arm-none-eabi/12.3.1/thumb/v7e-m/nofp/crti.o
                0x080016fc                _init
 .init          0x08001700        0x8 D:/STM32CubeCLT/STM32CubeCLT_1.16.0/GNU-tools-for-STM32/bin/../lib/gcc/arm-none-eabi/12.3.1/thumb/v7e-m/nofp/crtn.o
 *(.fini)
 .fini          0x08001708        0x4 D:/STM32CubeCLT/STM32CubeCLT_1.16.0/GNU-tools-for-STM32/bin/../lib/gcc/arm-none-eabi/12.3.1/thumb/v7e-m/nofp/crti.o
                0x08001708                _fini
 .fini          0x0800170c        0x8 D:/STM32CubeCLT/STM32CubeCLT_1.16.0/GNU-tools-for-STM32/bin/../lib/gcc/arm-none-eabi/12.3.1/thumb/v7e-m/nofp/crtn.o
                0x08001714                        . = ALIGN (0x4)
                0x08001714                        _etext = .

.vfp11_veneer   0x08001714        0x0
 .vfp11_veneer  0x08001714        0x0 linker stubs

.v4_bx          0x08001714        0x0
 .v4_bx         0x08001714        0x0 linker stubs

.iplt           0x08001714        0x0
 .iplt          0x08001714        0x0 D:/STM32CubeCLT/STM32CubeCLT_1.16.0/GNU-tools-for-STM32/bin/../lib/gcc/arm-none-eabi/12.3.1/thumb/v7e-m/nofp/crtbegin.o

.rodata         0x08001714       0x10
                0x08001714                        . = ALIGN (0x4)
 *(.rodata)
 *(.rodata*)
 .rodata.AHBPrescTable
                0x08001714       0x10 CMakeFiles/SPI_IMU.elf.dir/Core/Src/system_stm32f4xx.c.obj
                0x08001714                AHBPrescTable
                0x08001724                        . = ALIGN (0x4)

.ARM.extab      0x08001724        0x0
                0x08001724                        . = ALIGN (0x4)
 *(.ARM.extab* .gnu.linkonce.armextab.*)
                0x08001724                        . = ALIGN (0x4)

.ARM            0x08001724        0x8
                0x08001724                        . = ALIGN (0x4)
                0x08001724                        __exidx_start = .
 *(.ARM.exidx*)
 .ARM.exidx     0x08001724        0x8 D:/STM32CubeCLT/STM32CubeCLT_1.16.0/GNU-tools-for-STM32/bin/../lib/gcc/arm-none-eabi/12.3.1/thumb/v7e-m/nofp\libgcc.a(_udivmoddi4.o)
                0x0800172c                        __exidx_end = .
                0x0800172c                        . = ALIGN (0x4)

.preinit_array  0x0800172c        0x0
                0x0800172c                        . = ALIGN (0x4)
                0x0800172c                        PROVIDE (__preinit_array_start = .)
 *(.preinit_array*)
                0x0800172c                        PROVIDE (__preinit_array_end = .)
                0x0800172c                        . = ALIGN (0x4)

.init_array     0x0800172c        0x8
                0x0800172c                        . = ALIGN (0x4)
                0x0800172c                        PROVIDE (__init_array_start = .)
 *(SORT_BY_NAME(.init_array.*))
 .init_array.00000
                0x0800172c        0x4 D:/STM32CubeCLT/STM32CubeCLT_1.16.0/GNU-tools-for-STM32/bin/../lib/gcc/arm-none-eabi/12.3.1/../../../../arm-none-eabi/lib/thumb/v7e-m/nofp\libg.a(libc_a-__call_atexit.o)
 *(.init_array*)
 .init_array    0x08001730        0x4 D:/STM32CubeCLT/STM32CubeCLT_1.16.0/GNU-tools-for-STM32/bin/../lib/gcc/arm-none-eabi/12.3.1/thumb/v7e-m/nofp/crtbegin.o
                0x08001734                        PROVIDE (__init_array_end = .)
                0x08001734                        . = ALIGN (0x4)

.fini_array     0x08001734        0x4
                0x08001734                        . = ALIGN (0x4)
                0x08001734                        PROVIDE (__fini_array_start = .)
 *(SORT_BY_NAME(.fini_array.*))
 *(.fini_array*)
 .fini_array    0x08001734        0x4 D:/STM32CubeCLT/STM32CubeCLT_1.16.0/GNU-tools-for-STM32/bin/../lib/gcc/arm-none-eabi/12.3.1/thumb/v7e-m/nofp/crtbegin.o
                0x08001738                        PROVIDE (__fini_array_end = .)
                0x08001738                        . = ALIGN (0x4)
                0x08001738                        _sidata = LOADADDR (.data)

.rel.dyn        0x08001738        0x0
 .rel.iplt      0x08001738        0x0 D:/STM32CubeCLT/STM32CubeCLT_1.16.0/GNU-tools-for-STM32/bin/../lib/gcc/arm-none-eabi/12.3.1/thumb/v7e-m/nofp/crtbegin.o

.data           0x20000000       0x14 load address 0x08001738
                0x20000000                        . = ALIGN (0x4)
                0x20000000                        _sdata = .
 *(.data)
 *(.data*)
 .data.range_acc
                0x20000000        0x1 CMakeFiles/SPI_IMU.elf.dir/Core/Src/main.c.obj
                0x20000000                range_acc
 *fill*         0x20000001        0x3 
 .data.SystemCoreClock
                0x20000004        0x4 CMakeFiles/SPI_IMU.elf.dir/Core/Src/system_stm32f4xx.c.obj
                0x20000004                SystemCoreClock
 .data.uwTickFreq
                0x20000008        0x1 CMakeFiles/SPI_IMU.elf.dir/Drivers/STM32F4xx_HAL_Driver/Src/stm32f4xx_hal.c.obj
                0x20000008                uwTickFreq
 *fill*         0x20000009        0x3 
 .data.uwTickPrio
                0x2000000c        0x4 CMakeFiles/SPI_IMU.elf.dir/Drivers/STM32F4xx_HAL_Driver/Src/stm32f4xx_hal.c.obj
                0x2000000c                uwTickPrio
 .data.__atexit_recursive_mutex
                0x20000010        0x4 D:/STM32CubeCLT/STM32CubeCLT_1.16.0/GNU-tools-for-STM32/bin/../lib/gcc/arm-none-eabi/12.3.1/../../../../arm-none-eabi/lib/thumb/v7e-m/nofp\libg.a(libc_a-__call_atexit.o)
                0x20000010                __atexit_recursive_mutex
 *(.RamFunc)
 *(.RamFunc*)
                0x20000014                        . = ALIGN (0x4)
                0x20000014                        _edata = .
                0x0800174c                        _siccmram = LOADADDR (.ccmram)

.igot.plt       0x20000014        0x0 load address 0x0800174c
 .igot.plt      0x20000014        0x0 D:/STM32CubeCLT/STM32CubeCLT_1.16.0/GNU-tools-for-STM32/bin/../lib/gcc/arm-none-eabi/12.3.1/thumb/v7e-m/nofp/crtbegin.o

.ccmram         0x10000000        0x0 load address 0x0800174c
                0x10000000                        . = ALIGN (0x4)
                0x10000000                        _sccmram = .
 *(.ccmram)
 *(.ccmram*)
                0x10000000                        . = ALIGN (0x4)
                0x10000000                        _eccmram = .
                0x10000000                        . = ALIGN (0x4)

.bss            0x20000014      0x284
                0x20000014                        _sbss = .
                0x20000014                        __bss_start__ = _sbss
 *(.bss)
 .bss           0x20000014       0x1c D:/STM32CubeCLT/STM32CubeCLT_1.16.0/GNU-tools-for-STM32/bin/../lib/gcc/arm-none-eabi/12.3.1/thumb/v7e-m/nofp/crtbegin.o
 *(.bss*)
 .bss.gyro_z    0x20000030        0x4 CMakeFiles/SPI_IMU.elf.dir/Core/Src/main.c.obj
                0x20000030                gyro_z
 .bss.gyro_y    0x20000034        0x4 CMakeFiles/SPI_IMU.elf.dir/Core/Src/main.c.obj
                0x20000034                gyro_y
 .bss.gyro_x    0x20000038        0x4 CMakeFiles/SPI_IMU.elf.dir/Core/Src/main.c.obj
                0x20000038                gyro_x
 .bss.acc_z     0x2000003c        0x4 CMakeFiles/SPI_IMU.elf.dir/Core/Src/main.c.obj
                0x2000003c                acc_z
 .bss.acc_y     0x20000040        0x4 CMakeFiles/SPI_IMU.elf.dir/Core/Src/main.c.obj
                0x20000040                acc_y
 .bss.acc_x     0x20000044        0x4 CMakeFiles/SPI_IMU.elf.dir/Core/Src/main.c.obj
                0x20000044                acc_x
 .bss.range_gyro
                0x20000048        0x1 CMakeFiles/SPI_IMU.elf.dir/Core/Src/main.c.obj
                0x20000048                range_gyro
 *fill*         0x20000049        0x3 
 .bss.return_gyro_data
                0x2000004c        0x6 CMakeFiles/SPI_IMU.elf.dir/Core/Src/main.c.obj
                0x2000004c                return_gyro_data
 *fill*         0x20000052        0x2 
 .bss.return_acc_data
                0x20000054        0x7 CMakeFiles/SPI_IMU.elf.dir/Core/Src/main.c.obj
                0x20000054                return_acc_data
 *fill*         0x2000005b        0x1 
 .bss.hspi1     0x2000005c       0x58 CMakeFiles/SPI_IMU.elf.dir/Core/Src/spi.c.obj
                0x2000005c                hspi1
 .bss.htim1     0x200000b4       0x48 CMakeFiles/SPI_IMU.elf.dir/Core/Src/tim.c.obj
                0x200000b4                htim1
 .bss.uwTick    0x200000fc        0x4 CMakeFiles/SPI_IMU.elf.dir/Drivers/STM32F4xx_HAL_Driver/Src/stm32f4xx_hal.c.obj
                0x200000fc                uwTick
 .bss.__lock___atexit_recursive_mutex
                0x20000100        0x1 D:/STM32CubeCLT/STM32CubeCLT_1.16.0/GNU-tools-for-STM32/bin/../lib/gcc/arm-none-eabi/12.3.1/../../../../arm-none-eabi/lib/thumb/v7e-m/nofp\libg.a(libc_a-lock.o)
                0x20000100                __lock___atexit_recursive_mutex
 *fill*         0x20000101        0x3 
 .bss.__atexit  0x20000104        0x4 D:/STM32CubeCLT/STM32CubeCLT_1.16.0/GNU-tools-for-STM32/bin/../lib/gcc/arm-none-eabi/12.3.1/../../../../arm-none-eabi/lib/thumb/v7e-m/nofp\libg.a(libc_a-__call_atexit.o)
                0x20000104                __atexit
 .bss.__atexit0
                0x20000108      0x190 D:/STM32CubeCLT/STM32CubeCLT_1.16.0/GNU-tools-for-STM32/bin/../lib/gcc/arm-none-eabi/12.3.1/../../../../arm-none-eabi/lib/thumb/v7e-m/nofp\libg.a(libc_a-__atexit.o)
                0x20000108                __atexit0
 *(COMMON)
                0x20000298                        . = ALIGN (0x4)
                0x20000298                        _ebss = .
                0x20000298                        __bss_end__ = _ebss

._user_heap_stack
                0x20000298      0x600
                0x20000298                        . = ALIGN (0x8)
                [!provide]                        PROVIDE (end = .)
                0x20000298                        PROVIDE (_end = .)
                0x20000498                        . = (. + _Min_Heap_Size)
 *fill*         0x20000298      0x200 
                0x20000898                        . = (. + _Min_Stack_Size)
 *fill*         0x20000498      0x400 
                0x20000898                        . = ALIGN (0x8)

/DISCARD/
 libc.a(*)
 libm.a(*)
 libgcc.a(*)

.ARM.attributes
                0x00000000       0x2a
 *(.ARM.attributes)
 .ARM.attributes
                0x00000000       0x1e D:/STM32CubeCLT/STM32CubeCLT_1.16.0/GNU-tools-for-STM32/bin/../lib/gcc/arm-none-eabi/12.3.1/thumb/v7e-m/nofp/crti.o
 .ARM.attributes
                0x0000001e       0x2e D:/STM32CubeCLT/STM32CubeCLT_1.16.0/GNU-tools-for-STM32/bin/../lib/gcc/arm-none-eabi/12.3.1/thumb/v7e-m/nofp/crtbegin.o
 .ARM.attributes
                0x0000004c       0x2e CMakeFiles/SPI_IMU.elf.dir/Core/Src/gpio.c.obj
 .ARM.attributes
                0x0000007a       0x2e CMakeFiles/SPI_IMU.elf.dir/Core/Src/main.c.obj
 .ARM.attributes
                0x000000a8       0x2e CMakeFiles/SPI_IMU.elf.dir/Core/Src/spi.c.obj
 .ARM.attributes
                0x000000d6       0x2e CMakeFiles/SPI_IMU.elf.dir/Core/Src/stm32f4xx_hal_msp.c.obj
 .ARM.attributes
                0x00000104       0x2e CMakeFiles/SPI_IMU.elf.dir/Core/Src/stm32f4xx_it.c.obj
 .ARM.attributes
                0x00000132       0x2e CMakeFiles/SPI_IMU.elf.dir/Core/Src/system_stm32f4xx.c.obj
 .ARM.attributes
                0x00000160       0x2e CMakeFiles/SPI_IMU.elf.dir/Core/Src/tim.c.obj
 .ARM.attributes
                0x0000018e       0x21 CMakeFiles/SPI_IMU.elf.dir/Core/Startup/startup_stm32f407ighx.s.obj
 .ARM.attributes
                0x000001af       0x2e CMakeFiles/SPI_IMU.elf.dir/Drivers/STM32F4xx_HAL_Driver/Src/stm32f4xx_hal.c.obj
 .ARM.attributes
                0x000001dd       0x2e CMakeFiles/SPI_IMU.elf.dir/Drivers/STM32F4xx_HAL_Driver/Src/stm32f4xx_hal_cortex.c.obj
 .ARM.attributes
                0x0000020b       0x2e CMakeFiles/SPI_IMU.elf.dir/Drivers/STM32F4xx_HAL_Driver/Src/stm32f4xx_hal_gpio.c.obj
 .ARM.attributes
                0x00000239       0x2e CMakeFiles/SPI_IMU.elf.dir/Drivers/STM32F4xx_HAL_Driver/Src/stm32f4xx_hal_rcc.c.obj
 .ARM.attributes
                0x00000267       0x2e CMakeFiles/SPI_IMU.elf.dir/Drivers/STM32F4xx_HAL_Driver/Src/stm32f4xx_hal_spi.c.obj
 .ARM.attributes
                0x00000295       0x2e CMakeFiles/SPI_IMU.elf.dir/Drivers/STM32F4xx_HAL_Driver/Src/stm32f4xx_hal_tim.c.obj
 .ARM.attributes
                0x000002c3       0x2e CMakeFiles/SPI_IMU.elf.dir/Drivers/STM32F4xx_HAL_Driver/Src/stm32f4xx_hal_tim_ex.c.obj
 .ARM.attributes
                0x000002f1       0x1e D:/STM32CubeCLT/STM32CubeCLT_1.16.0/GNU-tools-for-STM32/bin/../lib/gcc/arm-none-eabi/12.3.1/thumb/v7e-m/nofp\libgcc.a(_aeabi_uldivmod.o)
 .ARM.attributes
                0x0000030f       0x2e D:/STM32CubeCLT/STM32CubeCLT_1.16.0/GNU-tools-for-STM32/bin/../lib/gcc/arm-none-eabi/12.3.1/thumb/v7e-m/nofp\libgcc.a(_udivmoddi4.o)
 .ARM.attributes
                0x0000033d       0x1e D:/STM32CubeCLT/STM32CubeCLT_1.16.0/GNU-tools-for-STM32/bin/../lib/gcc/arm-none-eabi/12.3.1/thumb/v7e-m/nofp\libgcc.a(_dvmd_tls.o)
 .ARM.attributes
                0x0000035b       0x2e D:/STM32CubeCLT/STM32CubeCLT_1.16.0/GNU-tools-for-STM32/bin/../lib/gcc/arm-none-eabi/12.3.1/../../../../arm-none-eabi/lib/thumb/v7e-m/nofp\libg.a(libc_a-memset.o)
 .ARM.attributes
                0x00000389       0x2e D:/STM32CubeCLT/STM32CubeCLT_1.16.0/GNU-tools-for-STM32/bin/../lib/gcc/arm-none-eabi/12.3.1/../../../../arm-none-eabi/lib/thumb/v7e-m/nofp\libg.a(libc_a-init.o)
 .ARM.attributes
                0x000003b7       0x2e D:/STM32CubeCLT/STM32CubeCLT_1.16.0/GNU-tools-for-STM32/bin/../lib/gcc/arm-none-eabi/12.3.1/../../../../arm-none-eabi/lib/thumb/v7e-m/nofp\libg.a(libc_a-lock.o)
 .ARM.attributes
                0x000003e5       0x2e D:/STM32CubeCLT/STM32CubeCLT_1.16.0/GNU-tools-for-STM32/bin/../lib/gcc/arm-none-eabi/12.3.1/../../../../arm-none-eabi/lib/thumb/v7e-m/nofp\libg.a(libc_a-__call_atexit.o)
 .ARM.attributes
                0x00000413       0x2e D:/STM32CubeCLT/STM32CubeCLT_1.16.0/GNU-tools-for-STM32/bin/../lib/gcc/arm-none-eabi/12.3.1/../../../../arm-none-eabi/lib/thumb/v7e-m/nofp\libg.a(libc_a-atexit.o)
 .ARM.attributes
                0x00000441       0x2e D:/STM32CubeCLT/STM32CubeCLT_1.16.0/GNU-tools-for-STM32/bin/../lib/gcc/arm-none-eabi/12.3.1/../../../../arm-none-eabi/lib/thumb/v7e-m/nofp\libg.a(libc_a-fini.o)
 .ARM.attributes
                0x0000046f       0x2e D:/STM32CubeCLT/STM32CubeCLT_1.16.0/GNU-tools-for-STM32/bin/../lib/gcc/arm-none-eabi/12.3.1/../../../../arm-none-eabi/lib/thumb/v7e-m/nofp\libg.a(libc_a-__atexit.o)
 .ARM.attributes
                0x0000049d       0x1e D:/STM32CubeCLT/STM32CubeCLT_1.16.0/GNU-tools-for-STM32/bin/../lib/gcc/arm-none-eabi/12.3.1/thumb/v7e-m/nofp/crtn.o
OUTPUT(SPI_IMU.elf elf32-littlearm)
LOAD linker stubs
LOAD D:/STM32CubeCLT/STM32CubeCLT_1.16.0/GNU-tools-for-STM32/bin/../lib/gcc/arm-none-eabi/12.3.1/../../../../arm-none-eabi/lib/thumb/v7e-m/nofp\libc.a
LOAD D:/STM32CubeCLT/STM32CubeCLT_1.16.0/GNU-tools-for-STM32/bin/../lib/gcc/arm-none-eabi/12.3.1/../../../../arm-none-eabi/lib/thumb/v7e-m/nofp\libm.a
LOAD D:/STM32CubeCLT/STM32CubeCLT_1.16.0/GNU-tools-for-STM32/bin/../lib/gcc/arm-none-eabi/12.3.1/thumb/v7e-m/nofp\libgcc.a

.debug_info     0x00000000     0xcf9f
 .debug_info    0x00000000      0x459 CMakeFiles/SPI_IMU.elf.dir/Core/Src/gpio.c.obj
 .debug_info    0x00000459      0x725 CMakeFiles/SPI_IMU.elf.dir/Core/Src/main.c.obj
 .debug_info    0x00000b7e      0x9aa CMakeFiles/SPI_IMU.elf.dir/Core/Src/spi.c.obj
 .debug_info    0x00001528      0x265 CMakeFiles/SPI_IMU.elf.dir/Core/Src/stm32f4xx_hal_msp.c.obj
 .debug_info    0x0000178d      0x11c CMakeFiles/SPI_IMU.elf.dir/Core/Src/stm32f4xx_it.c.obj
 .debug_info    0x000018a9      0x334 CMakeFiles/SPI_IMU.elf.dir/Core/Src/system_stm32f4xx.c.obj
 .debug_info    0x00001bdd      0x9fa CMakeFiles/SPI_IMU.elf.dir/Core/Src/tim.c.obj
 .debug_info    0x000025d7       0x30 CMakeFiles/SPI_IMU.elf.dir/Core/Startup/startup_stm32f407ighx.s.obj
 .debug_info    0x00002607      0x9e2 CMakeFiles/SPI_IMU.elf.dir/Drivers/STM32F4xx_HAL_Driver/Src/stm32f4xx_hal.c.obj
 .debug_info    0x00002fe9      0xfbb CMakeFiles/SPI_IMU.elf.dir/Drivers/STM32F4xx_HAL_Driver/Src/stm32f4xx_hal_cortex.c.obj
 .debug_info    0x00003fa4      0x704 CMakeFiles/SPI_IMU.elf.dir/Drivers/STM32F4xx_HAL_Driver/Src/stm32f4xx_hal_gpio.c.obj
 .debug_info    0x000046a8      0xa6d CMakeFiles/SPI_IMU.elf.dir/Drivers/STM32F4xx_HAL_Driver/Src/stm32f4xx_hal_rcc.c.obj
 .debug_info    0x00005115     0x1ca2 CMakeFiles/SPI_IMU.elf.dir/Drivers/STM32F4xx_HAL_Driver/Src/stm32f4xx_hal_spi.c.obj
 .debug_info    0x00006db7     0x3be0 CMakeFiles/SPI_IMU.elf.dir/Drivers/STM32F4xx_HAL_Driver/Src/stm32f4xx_hal_tim.c.obj
 .debug_info    0x0000a997     0x1ac8 CMakeFiles/SPI_IMU.elf.dir/Drivers/STM32F4xx_HAL_Driver/Src/stm32f4xx_hal_tim_ex.c.obj
 .debug_info    0x0000c45f       0xe0 D:/STM32CubeCLT/STM32CubeCLT_1.16.0/GNU-tools-for-STM32/bin/../lib/gcc/arm-none-eabi/12.3.1/../../../../arm-none-eabi/lib/thumb/v7e-m/nofp\libg.a(libc_a-memset.o)
 .debug_info    0x0000c53f      0x10b D:/STM32CubeCLT/STM32CubeCLT_1.16.0/GNU-tools-for-STM32/bin/../lib/gcc/arm-none-eabi/12.3.1/../../../../arm-none-eabi/lib/thumb/v7e-m/nofp\libg.a(libc_a-init.o)
 .debug_info    0x0000c64a      0x20a D:/STM32CubeCLT/STM32CubeCLT_1.16.0/GNU-tools-for-STM32/bin/../lib/gcc/arm-none-eabi/12.3.1/../../../../arm-none-eabi/lib/thumb/v7e-m/nofp\libg.a(libc_a-lock.o)
 .debug_info    0x0000c854      0x2dd D:/STM32CubeCLT/STM32CubeCLT_1.16.0/GNU-tools-for-STM32/bin/../lib/gcc/arm-none-eabi/12.3.1/../../../../arm-none-eabi/lib/thumb/v7e-m/nofp\libg.a(libc_a-__call_atexit.o)
 .debug_info    0x0000cb31      0x118 D:/STM32CubeCLT/STM32CubeCLT_1.16.0/GNU-tools-for-STM32/bin/../lib/gcc/arm-none-eabi/12.3.1/../../../../arm-none-eabi/lib/thumb/v7e-m/nofp\libg.a(libc_a-atexit.o)
 .debug_info    0x0000cc49       0xf7 D:/STM32CubeCLT/STM32CubeCLT_1.16.0/GNU-tools-for-STM32/bin/../lib/gcc/arm-none-eabi/12.3.1/../../../../arm-none-eabi/lib/thumb/v7e-m/nofp\libg.a(libc_a-fini.o)
 .debug_info    0x0000cd40      0x25f D:/STM32CubeCLT/STM32CubeCLT_1.16.0/GNU-tools-for-STM32/bin/../lib/gcc/arm-none-eabi/12.3.1/../../../../arm-none-eabi/lib/thumb/v7e-m/nofp\libg.a(libc_a-__atexit.o)

.debug_abbrev   0x00000000     0x23c3
 .debug_abbrev  0x00000000      0x164 CMakeFiles/SPI_IMU.elf.dir/Core/Src/gpio.c.obj
 .debug_abbrev  0x00000164      0x234 CMakeFiles/SPI_IMU.elf.dir/Core/Src/main.c.obj
 .debug_abbrev  0x00000398      0x218 CMakeFiles/SPI_IMU.elf.dir/Core/Src/spi.c.obj
 .debug_abbrev  0x000005b0       0xd6 CMakeFiles/SPI_IMU.elf.dir/Core/Src/stm32f4xx_hal_msp.c.obj
 .debug_abbrev  0x00000686       0x7c CMakeFiles/SPI_IMU.elf.dir/Core/Src/stm32f4xx_it.c.obj
 .debug_abbrev  0x00000702      0x120 CMakeFiles/SPI_IMU.elf.dir/Core/Src/system_stm32f4xx.c.obj
 .debug_abbrev  0x00000822      0x1f3 CMakeFiles/SPI_IMU.elf.dir/Core/Src/tim.c.obj
 .debug_abbrev  0x00000a15       0x24 CMakeFiles/SPI_IMU.elf.dir/Core/Startup/startup_stm32f407ighx.s.obj
 .debug_abbrev  0x00000a39      0x240 CMakeFiles/SPI_IMU.elf.dir/Drivers/STM32F4xx_HAL_Driver/Src/stm32f4xx_hal.c.obj
 .debug_abbrev  0x00000c79      0x391 CMakeFiles/SPI_IMU.elf.dir/Drivers/STM32F4xx_HAL_Driver/Src/stm32f4xx_hal_cortex.c.obj
 .debug_abbrev  0x0000100a      0x202 CMakeFiles/SPI_IMU.elf.dir/Drivers/STM32F4xx_HAL_Driver/Src/stm32f4xx_hal_gpio.c.obj
 .debug_abbrev  0x0000120c      0x2c7 CMakeFiles/SPI_IMU.elf.dir/Drivers/STM32F4xx_HAL_Driver/Src/stm32f4xx_hal_rcc.c.obj
 .debug_abbrev  0x000014d3      0x272 CMakeFiles/SPI_IMU.elf.dir/Drivers/STM32F4xx_HAL_Driver/Src/stm32f4xx_hal_spi.c.obj
 .debug_abbrev  0x00001745      0x271 CMakeFiles/SPI_IMU.elf.dir/Drivers/STM32F4xx_HAL_Driver/Src/stm32f4xx_hal_tim.c.obj
 .debug_abbrev  0x000019b6      0x26f CMakeFiles/SPI_IMU.elf.dir/Drivers/STM32F4xx_HAL_Driver/Src/stm32f4xx_hal_tim_ex.c.obj
 .debug_abbrev  0x00001c25       0x9e D:/STM32CubeCLT/STM32CubeCLT_1.16.0/GNU-tools-for-STM32/bin/../lib/gcc/arm-none-eabi/12.3.1/../../../../arm-none-eabi/lib/thumb/v7e-m/nofp\libg.a(libc_a-memset.o)
 .debug_abbrev  0x00001cc3       0xc9 D:/STM32CubeCLT/STM32CubeCLT_1.16.0/GNU-tools-for-STM32/bin/../lib/gcc/arm-none-eabi/12.3.1/../../../../arm-none-eabi/lib/thumb/v7e-m/nofp\libg.a(libc_a-init.o)
 .debug_abbrev  0x00001d8c      0x115 D:/STM32CubeCLT/STM32CubeCLT_1.16.0/GNU-tools-for-STM32/bin/../lib/gcc/arm-none-eabi/12.3.1/../../../../arm-none-eabi/lib/thumb/v7e-m/nofp\libg.a(libc_a-lock.o)
 .debug_abbrev  0x00001ea1      0x20c D:/STM32CubeCLT/STM32CubeCLT_1.16.0/GNU-tools-for-STM32/bin/../lib/gcc/arm-none-eabi/12.3.1/../../../../arm-none-eabi/lib/thumb/v7e-m/nofp\libg.a(libc_a-__call_atexit.o)
 .debug_abbrev  0x000020ad       0xc1 D:/STM32CubeCLT/STM32CubeCLT_1.16.0/GNU-tools-for-STM32/bin/../lib/gcc/arm-none-eabi/12.3.1/../../../../arm-none-eabi/lib/thumb/v7e-m/nofp\libg.a(libc_a-atexit.o)
 .debug_abbrev  0x0000216e       0xcc D:/STM32CubeCLT/STM32CubeCLT_1.16.0/GNU-tools-for-STM32/bin/../lib/gcc/arm-none-eabi/12.3.1/../../../../arm-none-eabi/lib/thumb/v7e-m/nofp\libg.a(libc_a-fini.o)
 .debug_abbrev  0x0000223a      0x189 D:/STM32CubeCLT/STM32CubeCLT_1.16.0/GNU-tools-for-STM32/bin/../lib/gcc/arm-none-eabi/12.3.1/../../../../arm-none-eabi/lib/thumb/v7e-m/nofp\libg.a(libc_a-__atexit.o)

.debug_aranges  0x00000000      0xc80
 .debug_aranges
                0x00000000       0x20 CMakeFiles/SPI_IMU.elf.dir/Core/Src/gpio.c.obj
 .debug_aranges
                0x00000020       0x30 CMakeFiles/SPI_IMU.elf.dir/Core/Src/main.c.obj
 .debug_aranges
                0x00000050       0x30 CMakeFiles/SPI_IMU.elf.dir/Core/Src/spi.c.obj
 .debug_aranges
                0x00000080       0x20 CMakeFiles/SPI_IMU.elf.dir/Core/Src/stm32f4xx_hal_msp.c.obj
 .debug_aranges
                0x000000a0       0x60 CMakeFiles/SPI_IMU.elf.dir/Core/Src/stm32f4xx_it.c.obj
 .debug_aranges
                0x00000100       0x28 CMakeFiles/SPI_IMU.elf.dir/Core/Src/system_stm32f4xx.c.obj
 .debug_aranges
                0x00000128       0x30 CMakeFiles/SPI_IMU.elf.dir/Core/Src/tim.c.obj
 .debug_aranges
                0x00000158       0x28 CMakeFiles/SPI_IMU.elf.dir/Core/Startup/startup_stm32f407ighx.s.obj
 .debug_aranges
                0x00000180       0xf0 CMakeFiles/SPI_IMU.elf.dir/Drivers/STM32F4xx_HAL_Driver/Src/stm32f4xx_hal.c.obj
 .debug_aranges
                0x00000270       0xf8 CMakeFiles/SPI_IMU.elf.dir/Drivers/STM32F4xx_HAL_Driver/Src/stm32f4xx_hal_cortex.c.obj
 .debug_aranges
                0x00000368       0x58 CMakeFiles/SPI_IMU.elf.dir/Drivers/STM32F4xx_HAL_Driver/Src/stm32f4xx_hal_gpio.c.obj
 .debug_aranges
                0x000003c0       0x88 CMakeFiles/SPI_IMU.elf.dir/Drivers/STM32F4xx_HAL_Driver/Src/stm32f4xx_hal_rcc.c.obj
 .debug_aranges
                0x00000448      0x1d0 CMakeFiles/SPI_IMU.elf.dir/Drivers/STM32F4xx_HAL_Driver/Src/stm32f4xx_hal_spi.c.obj
 .debug_aranges
                0x00000618      0x3d0 CMakeFiles/SPI_IMU.elf.dir/Drivers/STM32F4xx_HAL_Driver/Src/stm32f4xx_hal_tim.c.obj
 .debug_aranges
                0x000009e8      0x168 CMakeFiles/SPI_IMU.elf.dir/Drivers/STM32F4xx_HAL_Driver/Src/stm32f4xx_hal_tim_ex.c.obj
 .debug_aranges
                0x00000b50       0x20 D:/STM32CubeCLT/STM32CubeCLT_1.16.0/GNU-tools-for-STM32/bin/../lib/gcc/arm-none-eabi/12.3.1/../../../../arm-none-eabi/lib/thumb/v7e-m/nofp\libg.a(libc_a-memset.o)
 .debug_aranges
                0x00000b70       0x20 D:/STM32CubeCLT/STM32CubeCLT_1.16.0/GNU-tools-for-STM32/bin/../lib/gcc/arm-none-eabi/12.3.1/../../../../arm-none-eabi/lib/thumb/v7e-m/nofp\libg.a(libc_a-init.o)
 .debug_aranges
                0x00000b90       0x68 D:/STM32CubeCLT/STM32CubeCLT_1.16.0/GNU-tools-for-STM32/bin/../lib/gcc/arm-none-eabi/12.3.1/../../../../arm-none-eabi/lib/thumb/v7e-m/nofp\libg.a(libc_a-lock.o)
 .debug_aranges
                0x00000bf8       0x28 D:/STM32CubeCLT/STM32CubeCLT_1.16.0/GNU-tools-for-STM32/bin/../lib/gcc/arm-none-eabi/12.3.1/../../../../arm-none-eabi/lib/thumb/v7e-m/nofp\libg.a(libc_a-__call_atexit.o)
 .debug_aranges
                0x00000c20       0x20 D:/STM32CubeCLT/STM32CubeCLT_1.16.0/GNU-tools-for-STM32/bin/../lib/gcc/arm-none-eabi/12.3.1/../../../../arm-none-eabi/lib/thumb/v7e-m/nofp\libg.a(libc_a-atexit.o)
 .debug_aranges
                0x00000c40       0x20 D:/STM32CubeCLT/STM32CubeCLT_1.16.0/GNU-tools-for-STM32/bin/../lib/gcc/arm-none-eabi/12.3.1/../../../../arm-none-eabi/lib/thumb/v7e-m/nofp\libg.a(libc_a-fini.o)
 .debug_aranges
                0x00000c60       0x20 D:/STM32CubeCLT/STM32CubeCLT_1.16.0/GNU-tools-for-STM32/bin/../lib/gcc/arm-none-eabi/12.3.1/../../../../arm-none-eabi/lib/thumb/v7e-m/nofp\libg.a(libc_a-__atexit.o)

.debug_rnglists
                0x00000000      0x96d
 .debug_rnglists
                0x00000000       0x14 CMakeFiles/SPI_IMU.elf.dir/Core/Src/gpio.c.obj
 .debug_rnglists
                0x00000014       0x20 CMakeFiles/SPI_IMU.elf.dir/Core/Src/main.c.obj
 .debug_rnglists
                0x00000034       0x1f CMakeFiles/SPI_IMU.elf.dir/Core/Src/spi.c.obj
 .debug_rnglists
                0x00000053       0x13 CMakeFiles/SPI_IMU.elf.dir/Core/Src/stm32f4xx_hal_msp.c.obj
 .debug_rnglists
                0x00000066       0x43 CMakeFiles/SPI_IMU.elf.dir/Core/Src/stm32f4xx_it.c.obj
 .debug_rnglists
                0x000000a9       0x1a CMakeFiles/SPI_IMU.elf.dir/Core/Src/system_stm32f4xx.c.obj
 .debug_rnglists
                0x000000c3       0x1f CMakeFiles/SPI_IMU.elf.dir/Core/Src/tim.c.obj
 .debug_rnglists
                0x000000e2       0x19 CMakeFiles/SPI_IMU.elf.dir/Core/Startup/startup_stm32f407ighx.s.obj
 .debug_rnglists
                0x000000fb       0xaf CMakeFiles/SPI_IMU.elf.dir/Drivers/STM32F4xx_HAL_Driver/Src/stm32f4xx_hal.c.obj
 .debug_rnglists
                0x000001aa       0xb5 CMakeFiles/SPI_IMU.elf.dir/Drivers/STM32F4xx_HAL_Driver/Src/stm32f4xx_hal_cortex.c.obj
 .debug_rnglists
                0x0000025f       0x3f CMakeFiles/SPI_IMU.elf.dir/Drivers/STM32F4xx_HAL_Driver/Src/stm32f4xx_hal_gpio.c.obj
 .debug_rnglists
                0x0000029e       0x75 CMakeFiles/SPI_IMU.elf.dir/Drivers/STM32F4xx_HAL_Driver/Src/stm32f4xx_hal_rcc.c.obj
 .debug_rnglists
                0x00000313      0x16a CMakeFiles/SPI_IMU.elf.dir/Drivers/STM32F4xx_HAL_Driver/Src/stm32f4xx_hal_spi.c.obj
 .debug_rnglists
                0x0000047d      0x302 CMakeFiles/SPI_IMU.elf.dir/Drivers/STM32F4xx_HAL_Driver/Src/stm32f4xx_hal_tim.c.obj
 .debug_rnglists
                0x0000077f      0x11b CMakeFiles/SPI_IMU.elf.dir/Drivers/STM32F4xx_HAL_Driver/Src/stm32f4xx_hal_tim_ex.c.obj
 .debug_rnglists
                0x0000089a       0x13 D:/STM32CubeCLT/STM32CubeCLT_1.16.0/GNU-tools-for-STM32/bin/../lib/gcc/arm-none-eabi/12.3.1/../../../../arm-none-eabi/lib/thumb/v7e-m/nofp\libg.a(libc_a-memset.o)
 .debug_rnglists
                0x000008ad       0x13 D:/STM32CubeCLT/STM32CubeCLT_1.16.0/GNU-tools-for-STM32/bin/../lib/gcc/arm-none-eabi/12.3.1/../../../../arm-none-eabi/lib/thumb/v7e-m/nofp\libg.a(libc_a-init.o)
 .debug_rnglists
                0x000008c0       0x49 D:/STM32CubeCLT/STM32CubeCLT_1.16.0/GNU-tools-for-STM32/bin/../lib/gcc/arm-none-eabi/12.3.1/../../../../arm-none-eabi/lib/thumb/v7e-m/nofp\libg.a(libc_a-lock.o)
 .debug_rnglists
                0x00000909       0x2a D:/STM32CubeCLT/STM32CubeCLT_1.16.0/GNU-tools-for-STM32/bin/../lib/gcc/arm-none-eabi/12.3.1/../../../../arm-none-eabi/lib/thumb/v7e-m/nofp\libg.a(libc_a-__call_atexit.o)
 .debug_rnglists
                0x00000933       0x13 D:/STM32CubeCLT/STM32CubeCLT_1.16.0/GNU-tools-for-STM32/bin/../lib/gcc/arm-none-eabi/12.3.1/../../../../arm-none-eabi/lib/thumb/v7e-m/nofp\libg.a(libc_a-atexit.o)
 .debug_rnglists
                0x00000946       0x13 D:/STM32CubeCLT/STM32CubeCLT_1.16.0/GNU-tools-for-STM32/bin/../lib/gcc/arm-none-eabi/12.3.1/../../../../arm-none-eabi/lib/thumb/v7e-m/nofp\libg.a(libc_a-fini.o)
 .debug_rnglists
                0x00000959       0x14 D:/STM32CubeCLT/STM32CubeCLT_1.16.0/GNU-tools-for-STM32/bin/../lib/gcc/arm-none-eabi/12.3.1/../../../../arm-none-eabi/lib/thumb/v7e-m/nofp\libg.a(libc_a-__atexit.o)

.debug_line     0x00000000     0xd2aa
 .debug_line    0x00000000      0x28a CMakeFiles/SPI_IMU.elf.dir/Core/Src/gpio.c.obj
 .debug_line    0x0000028a      0x40c CMakeFiles/SPI_IMU.elf.dir/Core/Src/main.c.obj
 .debug_line    0x00000696      0x3aa CMakeFiles/SPI_IMU.elf.dir/Core/Src/spi.c.obj
 .debug_line    0x00000a40      0x1f5 CMakeFiles/SPI_IMU.elf.dir/Core/Src/stm32f4xx_hal_msp.c.obj
 .debug_line    0x00000c35      0x1a9 CMakeFiles/SPI_IMU.elf.dir/Core/Src/stm32f4xx_it.c.obj
 .debug_line    0x00000dde      0x2bd CMakeFiles/SPI_IMU.elf.dir/Core/Src/system_stm32f4xx.c.obj
 .debug_line    0x0000109b      0x384 CMakeFiles/SPI_IMU.elf.dir/Core/Src/tim.c.obj
 .debug_line    0x0000141f       0x7a CMakeFiles/SPI_IMU.elf.dir/Core/Startup/startup_stm32f407ighx.s.obj
 .debug_line    0x00001499      0x635 CMakeFiles/SPI_IMU.elf.dir/Drivers/STM32F4xx_HAL_Driver/Src/stm32f4xx_hal.c.obj
 .debug_line    0x00001ace      0x922 CMakeFiles/SPI_IMU.elf.dir/Drivers/STM32F4xx_HAL_Driver/Src/stm32f4xx_hal_cortex.c.obj
 .debug_line    0x000023f0      0x774 CMakeFiles/SPI_IMU.elf.dir/Drivers/STM32F4xx_HAL_Driver/Src/stm32f4xx_hal_gpio.c.obj
 .debug_line    0x00002b64      0xbf2 CMakeFiles/SPI_IMU.elf.dir/Drivers/STM32F4xx_HAL_Driver/Src/stm32f4xx_hal_rcc.c.obj
 .debug_line    0x00003756     0x274b CMakeFiles/SPI_IMU.elf.dir/Drivers/STM32F4xx_HAL_Driver/Src/stm32f4xx_hal_spi.c.obj
 .debug_line    0x00005ea1     0x4b2f CMakeFiles/SPI_IMU.elf.dir/Drivers/STM32F4xx_HAL_Driver/Src/stm32f4xx_hal_tim.c.obj
 .debug_line    0x0000a9d0     0x1dc8 CMakeFiles/SPI_IMU.elf.dir/Drivers/STM32F4xx_HAL_Driver/Src/stm32f4xx_hal_tim_ex.c.obj
 .debug_line    0x0000c798      0x17e D:/STM32CubeCLT/STM32CubeCLT_1.16.0/GNU-tools-for-STM32/bin/../lib/gcc/arm-none-eabi/12.3.1/../../../../arm-none-eabi/lib/thumb/v7e-m/nofp\libg.a(libc_a-memset.o)
 .debug_line    0x0000c916      0x188 D:/STM32CubeCLT/STM32CubeCLT_1.16.0/GNU-tools-for-STM32/bin/../lib/gcc/arm-none-eabi/12.3.1/../../../../arm-none-eabi/lib/thumb/v7e-m/nofp\libg.a(libc_a-init.o)
 .debug_line    0x0000ca9e      0x19b D:/STM32CubeCLT/STM32CubeCLT_1.16.0/GNU-tools-for-STM32/bin/../lib/gcc/arm-none-eabi/12.3.1/../../../../arm-none-eabi/lib/thumb/v7e-m/nofp\libg.a(libc_a-lock.o)
 .debug_line    0x0000cc39      0x28a D:/STM32CubeCLT/STM32CubeCLT_1.16.0/GNU-tools-for-STM32/bin/../lib/gcc/arm-none-eabi/12.3.1/../../../../arm-none-eabi/lib/thumb/v7e-m/nofp\libg.a(libc_a-__call_atexit.o)
 .debug_line    0x0000cec3      0x102 D:/STM32CubeCLT/STM32CubeCLT_1.16.0/GNU-tools-for-STM32/bin/../lib/gcc/arm-none-eabi/12.3.1/../../../../arm-none-eabi/lib/thumb/v7e-m/nofp\libg.a(libc_a-atexit.o)
 .debug_line    0x0000cfc5      0x140 D:/STM32CubeCLT/STM32CubeCLT_1.16.0/GNU-tools-for-STM32/bin/../lib/gcc/arm-none-eabi/12.3.1/../../../../arm-none-eabi/lib/thumb/v7e-m/nofp\libg.a(libc_a-fini.o)
 .debug_line    0x0000d105      0x1a5 D:/STM32CubeCLT/STM32CubeCLT_1.16.0/GNU-tools-for-STM32/bin/../lib/gcc/arm-none-eabi/12.3.1/../../../../arm-none-eabi/lib/thumb/v7e-m/nofp\libg.a(libc_a-__atexit.o)

.debug_str      0x00000000     0x40a7
 .debug_str     0x00000000      0x33c CMakeFiles/SPI_IMU.elf.dir/Core/Src/gpio.c.obj
                                0x38c (size before relaxing)
 .debug_str     0x0000033c      0x2b9 CMakeFiles/SPI_IMU.elf.dir/Core/Src/main.c.obj
                                0x561 (size before relaxing)
 .debug_str     0x000005f5      0x445 CMakeFiles/SPI_IMU.elf.dir/Core/Src/spi.c.obj
                                0x819 (size before relaxing)
 .debug_str     0x00000a3a       0x41 CMakeFiles/SPI_IMU.elf.dir/Core/Src/stm32f4xx_hal_msp.c.obj
                                0x2cd (size before relaxing)
 .debug_str     0x00000a7b       0xcc CMakeFiles/SPI_IMU.elf.dir/Core/Src/stm32f4xx_it.c.obj
                                0x241 (size before relaxing)
 .debug_str     0x00000b47       0x9c CMakeFiles/SPI_IMU.elf.dir/Core/Src/system_stm32f4xx.c.obj
                                0x333 (size before relaxing)
 .debug_str     0x00000be3      0x3f9 CMakeFiles/SPI_IMU.elf.dir/Core/Src/tim.c.obj
                                0x963 (size before relaxing)
 .debug_str     0x00000fdc       0x59 CMakeFiles/SPI_IMU.elf.dir/Core/Startup/startup_stm32f407ighx.s.obj
                                 0x83 (size before relaxing)
 .debug_str     0x00001035      0x867 CMakeFiles/SPI_IMU.elf.dir/Drivers/STM32F4xx_HAL_Driver/Src/stm32f4xx_hal.c.obj
                                0xb76 (size before relaxing)
 .debug_str     0x0000189c      0x4fb CMakeFiles/SPI_IMU.elf.dir/Drivers/STM32F4xx_HAL_Driver/Src/stm32f4xx_hal_cortex.c.obj
                                0xc87 (size before relaxing)
 .debug_str     0x00001d97      0x12f CMakeFiles/SPI_IMU.elf.dir/Drivers/STM32F4xx_HAL_Driver/Src/stm32f4xx_hal_gpio.c.obj
                                0x4f2 (size before relaxing)
 .debug_str     0x00001ec6      0x1b9 CMakeFiles/SPI_IMU.elf.dir/Drivers/STM32F4xx_HAL_Driver/Src/stm32f4xx_hal_rcc.c.obj
                                0x718 (size before relaxing)
 .debug_str     0x0000207f      0x572 CMakeFiles/SPI_IMU.elf.dir/Drivers/STM32F4xx_HAL_Driver/Src/stm32f4xx_hal_spi.c.obj
                                0xc06 (size before relaxing)
 .debug_str     0x000025f1      0xeaa CMakeFiles/SPI_IMU.elf.dir/Drivers/STM32F4xx_HAL_Driver/Src/stm32f4xx_hal_tim.c.obj
                               0x1711 (size before relaxing)
 .debug_str     0x0000349b      0x503 CMakeFiles/SPI_IMU.elf.dir/Drivers/STM32F4xx_HAL_Driver/Src/stm32f4xx_hal_tim_ex.c.obj
                                0xf1d (size before relaxing)
 .debug_str     0x0000399e      0x16a D:/STM32CubeCLT/STM32CubeCLT_1.16.0/GNU-tools-for-STM32/bin/../lib/gcc/arm-none-eabi/12.3.1/../../../../arm-none-eabi/lib/thumb/v7e-m/nofp\libg.a(libc_a-memset.o)
                                0x206 (size before relaxing)
 .debug_str     0x00003b08       0xb6 D:/STM32CubeCLT/STM32CubeCLT_1.16.0/GNU-tools-for-STM32/bin/../lib/gcc/arm-none-eabi/12.3.1/../../../../arm-none-eabi/lib/thumb/v7e-m/nofp\libg.a(libc_a-init.o)
                                0x267 (size before relaxing)
 .debug_str     0x00003bbe      0x266 D:/STM32CubeCLT/STM32CubeCLT_1.16.0/GNU-tools-for-STM32/bin/../lib/gcc/arm-none-eabi/12.3.1/../../../../arm-none-eabi/lib/thumb/v7e-m/nofp\libg.a(libc_a-lock.o)
                                0x379 (size before relaxing)
 .debug_str     0x00003e24      0x100 D:/STM32CubeCLT/STM32CubeCLT_1.16.0/GNU-tools-for-STM32/bin/../lib/gcc/arm-none-eabi/12.3.1/../../../../arm-none-eabi/lib/thumb/v7e-m/nofp\libg.a(libc_a-__call_atexit.o)
                                0x343 (size before relaxing)
 .debug_str     0x00003f24       0x9e D:/STM32CubeCLT/STM32CubeCLT_1.16.0/GNU-tools-for-STM32/bin/../lib/gcc/arm-none-eabi/12.3.1/../../../../arm-none-eabi/lib/thumb/v7e-m/nofp\libg.a(libc_a-atexit.o)
                                0x243 (size before relaxing)
 .debug_str     0x00003fc2       0x7a D:/STM32CubeCLT/STM32CubeCLT_1.16.0/GNU-tools-for-STM32/bin/../lib/gcc/arm-none-eabi/12.3.1/../../../../arm-none-eabi/lib/thumb/v7e-m/nofp\libg.a(libc_a-fini.o)
                                0x23d (size before relaxing)
 .debug_str     0x0000403c       0x6b D:/STM32CubeCLT/STM32CubeCLT_1.16.0/GNU-tools-for-STM32/bin/../lib/gcc/arm-none-eabi/12.3.1/../../../../arm-none-eabi/lib/thumb/v7e-m/nofp\libg.a(libc_a-__atexit.o)
                                0x31a (size before relaxing)

.comment        0x00000000       0x43
 .comment       0x00000000       0x43 CMakeFiles/SPI_IMU.elf.dir/Core/Src/gpio.c.obj
                                 0x44 (size before relaxing)
 .comment       0x00000043       0x44 CMakeFiles/SPI_IMU.elf.dir/Core/Src/main.c.obj
 .comment       0x00000043       0x44 CMakeFiles/SPI_IMU.elf.dir/Core/Src/spi.c.obj
 .comment       0x00000043       0x44 CMakeFiles/SPI_IMU.elf.dir/Core/Src/stm32f4xx_hal_msp.c.obj
 .comment       0x00000043       0x44 CMakeFiles/SPI_IMU.elf.dir/Core/Src/stm32f4xx_it.c.obj
 .comment       0x00000043       0x44 CMakeFiles/SPI_IMU.elf.dir/Core/Src/system_stm32f4xx.c.obj
 .comment       0x00000043       0x44 CMakeFiles/SPI_IMU.elf.dir/Core/Src/tim.c.obj
 .comment       0x00000043       0x44 CMakeFiles/SPI_IMU.elf.dir/Drivers/STM32F4xx_HAL_Driver/Src/stm32f4xx_hal.c.obj
 .comment       0x00000043       0x44 CMakeFiles/SPI_IMU.elf.dir/Drivers/STM32F4xx_HAL_Driver/Src/stm32f4xx_hal_cortex.c.obj
 .comment       0x00000043       0x44 CMakeFiles/SPI_IMU.elf.dir/Drivers/STM32F4xx_HAL_Driver/Src/stm32f4xx_hal_gpio.c.obj
 .comment       0x00000043       0x44 CMakeFiles/SPI_IMU.elf.dir/Drivers/STM32F4xx_HAL_Driver/Src/stm32f4xx_hal_rcc.c.obj
 .comment       0x00000043       0x44 CMakeFiles/SPI_IMU.elf.dir/Drivers/STM32F4xx_HAL_Driver/Src/stm32f4xx_hal_spi.c.obj
 .comment       0x00000043       0x44 CMakeFiles/SPI_IMU.elf.dir/Drivers/STM32F4xx_HAL_Driver/Src/stm32f4xx_hal_tim.c.obj
 .comment       0x00000043       0x44 CMakeFiles/SPI_IMU.elf.dir/Drivers/STM32F4xx_HAL_Driver/Src/stm32f4xx_hal_tim_ex.c.obj
 .comment       0x00000043       0x44 D:/STM32CubeCLT/STM32CubeCLT_1.16.0/GNU-tools-for-STM32/bin/../lib/gcc/arm-none-eabi/12.3.1/../../../../arm-none-eabi/lib/thumb/v7e-m/nofp\libg.a(libc_a-memset.o)
 .comment       0x00000043       0x44 D:/STM32CubeCLT/STM32CubeCLT_1.16.0/GNU-tools-for-STM32/bin/../lib/gcc/arm-none-eabi/12.3.1/../../../../arm-none-eabi/lib/thumb/v7e-m/nofp\libg.a(libc_a-init.o)
 .comment       0x00000043       0x44 D:/STM32CubeCLT/STM32CubeCLT_1.16.0/GNU-tools-for-STM32/bin/../lib/gcc/arm-none-eabi/12.3.1/../../../../arm-none-eabi/lib/thumb/v7e-m/nofp\libg.a(libc_a-lock.o)
 .comment       0x00000043       0x44 D:/STM32CubeCLT/STM32CubeCLT_1.16.0/GNU-tools-for-STM32/bin/../lib/gcc/arm-none-eabi/12.3.1/../../../../arm-none-eabi/lib/thumb/v7e-m/nofp\libg.a(libc_a-__call_atexit.o)
 .comment       0x00000043       0x44 D:/STM32CubeCLT/STM32CubeCLT_1.16.0/GNU-tools-for-STM32/bin/../lib/gcc/arm-none-eabi/12.3.1/../../../../arm-none-eabi/lib/thumb/v7e-m/nofp\libg.a(libc_a-atexit.o)
 .comment       0x00000043       0x44 D:/STM32CubeCLT/STM32CubeCLT_1.16.0/GNU-tools-for-STM32/bin/../lib/gcc/arm-none-eabi/12.3.1/../../../../arm-none-eabi/lib/thumb/v7e-m/nofp\libg.a(libc_a-fini.o)
 .comment       0x00000043       0x44 D:/STM32CubeCLT/STM32CubeCLT_1.16.0/GNU-tools-for-STM32/bin/../lib/gcc/arm-none-eabi/12.3.1/../../../../arm-none-eabi/lib/thumb/v7e-m/nofp\libg.a(libc_a-__atexit.o)

.debug_frame    0x00000000     0x1fa0
 .debug_frame   0x00000000       0x34 CMakeFiles/SPI_IMU.elf.dir/Core/Src/gpio.c.obj
 .debug_frame   0x00000034       0x58 CMakeFiles/SPI_IMU.elf.dir/Core/Src/main.c.obj
 .debug_frame   0x0000008c       0x60 CMakeFiles/SPI_IMU.elf.dir/Core/Src/spi.c.obj
 .debug_frame   0x000000ec       0x28 CMakeFiles/SPI_IMU.elf.dir/Core/Src/stm32f4xx_hal_msp.c.obj
 .debug_frame   0x00000114       0xa8 CMakeFiles/SPI_IMU.elf.dir/Core/Src/stm32f4xx_it.c.obj
 .debug_frame   0x000001bc       0x30 CMakeFiles/SPI_IMU.elf.dir/Core/Src/system_stm32f4xx.c.obj
 .debug_frame   0x000001ec       0x58 CMakeFiles/SPI_IMU.elf.dir/Core/Src/tim.c.obj
 .debug_frame   0x00000244      0x1ec CMakeFiles/SPI_IMU.elf.dir/Drivers/STM32F4xx_HAL_Driver/Src/stm32f4xx_hal.c.obj
 .debug_frame   0x00000430      0x214 CMakeFiles/SPI_IMU.elf.dir/Drivers/STM32F4xx_HAL_Driver/Src/stm32f4xx_hal_cortex.c.obj
 .debug_frame   0x00000644       0xd4 CMakeFiles/SPI_IMU.elf.dir/Drivers/STM32F4xx_HAL_Driver/Src/stm32f4xx_hal_gpio.c.obj
 .debug_frame   0x00000718      0x16c CMakeFiles/SPI_IMU.elf.dir/Drivers/STM32F4xx_HAL_Driver/Src/stm32f4xx_hal_rcc.c.obj
 .debug_frame   0x00000884      0x5c8 CMakeFiles/SPI_IMU.elf.dir/Drivers/STM32F4xx_HAL_Driver/Src/stm32f4xx_hal_spi.c.obj
 .debug_frame   0x00000e4c      0xb08 CMakeFiles/SPI_IMU.elf.dir/Drivers/STM32F4xx_HAL_Driver/Src/stm32f4xx_hal_tim.c.obj
 .debug_frame   0x00001954      0x40c CMakeFiles/SPI_IMU.elf.dir/Drivers/STM32F4xx_HAL_Driver/Src/stm32f4xx_hal_tim_ex.c.obj
 .debug_frame   0x00001d60       0x2c D:/STM32CubeCLT/STM32CubeCLT_1.16.0/GNU-tools-for-STM32/bin/../lib/gcc/arm-none-eabi/12.3.1/thumb/v7e-m/nofp\libgcc.a(_aeabi_uldivmod.o)
 .debug_frame   0x00001d8c       0x34 D:/STM32CubeCLT/STM32CubeCLT_1.16.0/GNU-tools-for-STM32/bin/../lib/gcc/arm-none-eabi/12.3.1/thumb/v7e-m/nofp\libgcc.a(_udivmoddi4.o)
 .debug_frame   0x00001dc0       0x20 D:/STM32CubeCLT/STM32CubeCLT_1.16.0/GNU-tools-for-STM32/bin/../lib/gcc/arm-none-eabi/12.3.1/../../../../arm-none-eabi/lib/thumb/v7e-m/nofp\libg.a(libc_a-memset.o)
 .debug_frame   0x00001de0       0x2c D:/STM32CubeCLT/STM32CubeCLT_1.16.0/GNU-tools-for-STM32/bin/../lib/gcc/arm-none-eabi/12.3.1/../../../../arm-none-eabi/lib/thumb/v7e-m/nofp\libg.a(libc_a-init.o)
 .debug_frame   0x00001e0c       0xb0 D:/STM32CubeCLT/STM32CubeCLT_1.16.0/GNU-tools-for-STM32/bin/../lib/gcc/arm-none-eabi/12.3.1/../../../../arm-none-eabi/lib/thumb/v7e-m/nofp\libg.a(libc_a-lock.o)
 .debug_frame   0x00001ebc       0x58 D:/STM32CubeCLT/STM32CubeCLT_1.16.0/GNU-tools-for-STM32/bin/../lib/gcc/arm-none-eabi/12.3.1/../../../../arm-none-eabi/lib/thumb/v7e-m/nofp\libg.a(libc_a-__call_atexit.o)
 .debug_frame   0x00001f14       0x20 D:/STM32CubeCLT/STM32CubeCLT_1.16.0/GNU-tools-for-STM32/bin/../lib/gcc/arm-none-eabi/12.3.1/../../../../arm-none-eabi/lib/thumb/v7e-m/nofp\libg.a(libc_a-atexit.o)
 .debug_frame   0x00001f34       0x38 D:/STM32CubeCLT/STM32CubeCLT_1.16.0/GNU-tools-for-STM32/bin/../lib/gcc/arm-none-eabi/12.3.1/../../../../arm-none-eabi/lib/thumb/v7e-m/nofp\libg.a(libc_a-fini.o)
 .debug_frame   0x00001f6c       0x34 D:/STM32CubeCLT/STM32CubeCLT_1.16.0/GNU-tools-for-STM32/bin/../lib/gcc/arm-none-eabi/12.3.1/../../../../arm-none-eabi/lib/thumb/v7e-m/nofp\libg.a(libc_a-__atexit.o)

.debug_loclists
                0x00000000     0x67aa
 .debug_loclists
                0x00000000       0x5c CMakeFiles/SPI_IMU.elf.dir/Core/Src/spi.c.obj
 .debug_loclists
                0x0000005c       0xdb CMakeFiles/SPI_IMU.elf.dir/Core/Src/system_stm32f4xx.c.obj
 .debug_loclists
                0x00000137       0xc9 CMakeFiles/SPI_IMU.elf.dir/Drivers/STM32F4xx_HAL_Driver/Src/stm32f4xx_hal.c.obj
 .debug_loclists
                0x00000200      0x439 CMakeFiles/SPI_IMU.elf.dir/Drivers/STM32F4xx_HAL_Driver/Src/stm32f4xx_hal_cortex.c.obj
 .debug_loclists
                0x00000639      0x356 CMakeFiles/SPI_IMU.elf.dir/Drivers/STM32F4xx_HAL_Driver/Src/stm32f4xx_hal_gpio.c.obj
 .debug_loclists
                0x0000098f      0x3a9 CMakeFiles/SPI_IMU.elf.dir/Drivers/STM32F4xx_HAL_Driver/Src/stm32f4xx_hal_rcc.c.obj
 .debug_loclists
                0x00000d38     0x1232 CMakeFiles/SPI_IMU.elf.dir/Drivers/STM32F4xx_HAL_Driver/Src/stm32f4xx_hal_spi.c.obj
 .debug_loclists
                0x00001f6a     0x3331 CMakeFiles/SPI_IMU.elf.dir/Drivers/STM32F4xx_HAL_Driver/Src/stm32f4xx_hal_tim.c.obj
 .debug_loclists
                0x0000529b     0x129a CMakeFiles/SPI_IMU.elf.dir/Drivers/STM32F4xx_HAL_Driver/Src/stm32f4xx_hal_tim_ex.c.obj
 .debug_loclists
                0x00006535       0x47 D:/STM32CubeCLT/STM32CubeCLT_1.16.0/GNU-tools-for-STM32/bin/../lib/gcc/arm-none-eabi/12.3.1/../../../../arm-none-eabi/lib/thumb/v7e-m/nofp\libg.a(libc_a-memset.o)
 .debug_loclists
                0x0000657c       0x44 D:/STM32CubeCLT/STM32CubeCLT_1.16.0/GNU-tools-for-STM32/bin/../lib/gcc/arm-none-eabi/12.3.1/../../../../arm-none-eabi/lib/thumb/v7e-m/nofp\libg.a(libc_a-init.o)
 .debug_loclists
                0x000065c0       0x23 D:/STM32CubeCLT/STM32CubeCLT_1.16.0/GNU-tools-for-STM32/bin/../lib/gcc/arm-none-eabi/12.3.1/../../../../arm-none-eabi/lib/thumb/v7e-m/nofp\libg.a(libc_a-lock.o)
 .debug_loclists
                0x000065e3       0xd4 D:/STM32CubeCLT/STM32CubeCLT_1.16.0/GNU-tools-for-STM32/bin/../lib/gcc/arm-none-eabi/12.3.1/../../../../arm-none-eabi/lib/thumb/v7e-m/nofp\libg.a(libc_a-__call_atexit.o)
 .debug_loclists
                0x000066b7       0x2a D:/STM32CubeCLT/STM32CubeCLT_1.16.0/GNU-tools-for-STM32/bin/../lib/gcc/arm-none-eabi/12.3.1/../../../../arm-none-eabi/lib/thumb/v7e-m/nofp\libg.a(libc_a-atexit.o)
 .debug_loclists
                0x000066e1       0x3b D:/STM32CubeCLT/STM32CubeCLT_1.16.0/GNU-tools-for-STM32/bin/../lib/gcc/arm-none-eabi/12.3.1/../../../../arm-none-eabi/lib/thumb/v7e-m/nofp\libg.a(libc_a-fini.o)
 .debug_loclists
                0x0000671c       0x8e D:/STM32CubeCLT/STM32CubeCLT_1.16.0/GNU-tools-for-STM32/bin/../lib/gcc/arm-none-eabi/12.3.1/../../../../arm-none-eabi/lib/thumb/v7e-m/nofp\libg.a(libc_a-__atexit.o)

.debug_line_str
                0x00000000       0x67
 .debug_line_str
                0x00000000       0x67 CMakeFiles/SPI_IMU.elf.dir/Core/Startup/startup_stm32f407ighx.s.obj
